[  0%] Building CXX object CMakeFiles/Common.dir/Common/src/Action.cpp.o
[  1%] Building CXX object CMakeFiles/Common.dir/Common/src/Block.cpp.o
[  2%] Building CXX object CMakeFiles/Common.dir/Common/src/CLI.cpp.o
[  2%] Building CXX object CMakeFiles/Common.dir/Common/src/CLIRunInitialization01.cpp.o
[  3%] Building CXX object CMakeFiles/Common.dir/Common/src/CLISCNAck01.cpp.o
[  4%] Building CXX object CMakeFiles/Common.dir/Common/src/CommandLine.cpp.o
[  4%] Building CXX object CMakeFiles/Common.dir/Common/src/File.cpp.o
[  5%] Building CXX object CMakeFiles/Common.dir/Common/src/GW.cpp.o
[  6%] Building CXX object CMakeFiles/Common.dir/Common/src/GWHelloIPC02.cpp.o
[  6%] Building CXX object CMakeFiles/Common.dir/Common/src/GWMsgCl01.cpp.o
[  7%] Building CXX object CMakeFiles/Common.dir/Common/src/GWRunInitialization01.cpp.o
[  8%] Building CXX object CMakeFiles/Common.dir/Common/src/GWRunHelloIPC02.cpp.o
[  8%] Building CXX object CMakeFiles/Common.dir/Common/src/GWExposition02.cpp.o
[  9%] Building CXX object CMakeFiles/Common.dir/Common/src/HT.cpp.o
[ 10%] Building CXX object CMakeFiles/Common.dir/Common/src/HTBindReport01.cpp.o
[ 10%] Building CXX object CMakeFiles/Common.dir/Common/src/HTDeliveryBind01.cpp.o
[ 11%] Building CXX object CMakeFiles/Common.dir/Common/src/HTGetBind01.cpp.o
[ 12%] Building CXX object CMakeFiles/Common.dir/Common/src/HTInfoPayload01.cpp.o
[ 12%] Building CXX object CMakeFiles/Common.dir/Common/src/HTListBind01.cpp.o
[ 13%] Building CXX object CMakeFiles/Common.dir/Common/src/HTMessageSeq01.cpp.o
[ 14%] Building CXX object CMakeFiles/Common.dir/Common/src/HTMsgCl01.cpp.o
[ 14%] Building CXX object CMakeFiles/Common.dir/Common/src/HTRevokeBind01.cpp.o
[ 15%] Building CXX object CMakeFiles/Common.dir/Common/src/HTRunInitialization01.cpp.o
[ 16%] Building CXX object CMakeFiles/Common.dir/Common/src/HTRunPeriodic01.cpp.o
[ 16%] Building CXX object CMakeFiles/Common.dir/Common/src/HTSCNSeq01.cpp.o
[ 17%] Building CXX object CMakeFiles/Common.dir/Common/src/HTStatusS01.cpp.o
[ 18%] Building CXX object CMakeFiles/Common.dir/Common/src/HTStoreBind01.cpp.o
[ 18%] Building CXX object CMakeFiles/Common.dir/Common/src/Message.cpp.o
[ 19%] Building CXX object CMakeFiles/Common.dir/Common/src/MessageBuilder.cpp.o
[ 20%] Building CXX object CMakeFiles/Common.dir/Common/src/MurmurHash3.cpp.o
[ 20%] Building CXX object CMakeFiles/Common.dir/Common/src/MurmurHash3Strategy.cpp.o
[ 21%] Building CXX object CMakeFiles/Common.dir/Common/src/NameGenerator.cpp.o
[ 22%] Building CXX object CMakeFiles/Common.dir/Common/src/NGAL_SAR.cpp.o
[ 22%] Building CXX object CMakeFiles/Common.dir/Common/src/NGAL_CS.cpp.o
[ 23%] Building CXX object CMakeFiles/Common.dir/Common/src/DefaultNameStrategy.cpp.o
[ 24%] Building CXX object CMakeFiles/Common.dir/Common/src/OutputVariable.cpp.o
[ 25%] Building CXX object CMakeFiles/Common.dir/Common/src/Process.cpp.o
[ 25%] Building CXX object CMakeFiles/Common.dir/Common/src/Prompt_iostream.cpp.o
[ 26%] Building CXX object CMakeFiles/Common.dir/Common/src/tinythread.cpp.o
[ 27%] Linking CXX static library libCommon.a
[ 27%] Built target Common
[ 28%] Building CXX object CMakeFiles/IoTTestApp.dir/IoTTestApp/src/Core.cpp.o
[ 28%] Building CXX object CMakeFiles/ContentApp.dir/ContentApp/src/ContentApp.cpp.o
[ 29%] Building CXX object CMakeFiles/ContentApp.dir/ContentApp/src/Core.cpp.o
[ 30%] Building CXX object CMakeFiles/IoTTestApp.dir/IoTTestApp/src/CoreDeliveryBind01.cpp.o
[ 31%] Building CXX object CMakeFiles/ContentApp.dir/ContentApp/src/CoreDeliveryBind01.cpp.o
[ 31%] Building CXX object CMakeFiles/IoTTestApp.dir/IoTTestApp/src/CoreInfoPayload01.cpp.o
[ 31%] Building CXX object CMakeFiles/ContentApp.dir/ContentApp/src/CoreInfoPayload01.cpp.o
[ 32%] Building CXX object CMakeFiles/IoTTestApp.dir/IoTTestApp/src/CoreMsgCl01.cpp.o
[ 33%] Building CXX object CMakeFiles/ContentApp.dir/ContentApp/src/CoreMsgCl01.cpp.o
[ 34%] Building CXX object CMakeFiles/IoTTestApp.dir/IoTTestApp/src/CoreNotifyS01.cpp.o
[ 35%] Building CXX object CMakeFiles/ContentApp.dir/ContentApp/src/CoreNotifyS01.cpp.o
[ 35%] Building CXX object CMakeFiles/IoTTestApp.dir/IoTTestApp/src/CoreRunDiscover01.cpp.o
[ 35%] Building CXX object CMakeFiles/ContentApp.dir/ContentApp/src/CoreRunDiscover01.cpp.o
[ 36%] Building CXX object CMakeFiles/IoTTestApp.dir/IoTTestApp/src/CoreRunEvaluate01.cpp.o
[ 37%] Building CXX object CMakeFiles/ContentApp.dir/ContentApp/src/CoreRunEvaluate01.cpp.o
[ 38%] Building CXX object CMakeFiles/IoTTestApp.dir/IoTTestApp/src/CoreRunExpose01.cpp.o
[ 39%] Building CXX object CMakeFiles/ContentApp.dir/ContentApp/src/CoreRunExpose01.cpp.o
[ 39%] Building CXX object CMakeFiles/IoTTestApp.dir/IoTTestApp/src/CoreRunInitialize01.cpp.o
[ 39%] Building CXX object CMakeFiles/ContentApp.dir/ContentApp/src/CoreRunInitialize01.cpp.o
[ 40%] Building CXX object CMakeFiles/IoTTestApp.dir/IoTTestApp/src/CoreRunInvite01.cpp.o
[ 41%] Building CXX object CMakeFiles/ContentApp.dir/ContentApp/src/CoreRunInvite01.cpp.o
[ 42%] Building CXX object CMakeFiles/IoTTestApp.dir/IoTTestApp/src/CoreRunPeriodic01.cpp.o
[ 43%] Building CXX object CMakeFiles/ContentApp.dir/ContentApp/src/CoreRunPeriodic01.cpp.o
[ 44%] Building CXX object CMakeFiles/IoTTestApp.dir/IoTTestApp/src/CoreRunPublish01.cpp.o
[ 44%] Building CXX object CMakeFiles/ContentApp.dir/ContentApp/src/CoreRunContentPublish01.cpp.o
[ 44%] Building CXX object CMakeFiles/IoTTestApp.dir/IoTTestApp/src/CoreRunPublish02.cpp.o
[ 45%] Building CXX object CMakeFiles/ContentApp.dir/ContentApp/src/CoreRunPublish01.cpp.o
[ 46%] Building CXX object CMakeFiles/IoTTestApp.dir/IoTTestApp/src/CoreRunPublish03.cpp.o
[ 47%] Building CXX object CMakeFiles/ContentApp.dir/ContentApp/src/CoreRunPublish02.cpp.o
[ 48%] Building CXX object CMakeFiles/IoTTestApp.dir/IoTTestApp/src/CoreRunSubscribe01.cpp.o
[ 48%] Building CXX object CMakeFiles/ContentApp.dir/ContentApp/src/CoreRunPublish03.cpp.o
[ 48%] Building CXX object CMakeFiles/IoTTestApp.dir/IoTTestApp/src/CoreSCNAck01.cpp.o
[ 49%] Building CXX object CMakeFiles/ContentApp.dir/ContentApp/src/CoreRunSubscribe01.cpp.o
[ 50%] Building CXX object CMakeFiles/IoTTestApp.dir/IoTTestApp/src/CoreSCNSeq01.cpp.o
[ 51%] Building CXX object CMakeFiles/ContentApp.dir/ContentApp/src/CoreSCNAck01.cpp.o
[ 52%] Building CXX object CMakeFiles/IoTTestApp.dir/IoTTestApp/src/CoreStatusS01.cpp.o
[ 52%] Building CXX object CMakeFiles/ContentApp.dir/ContentApp/src/CoreSCNSeq01.cpp.o
[ 52%] Building CXX object CMakeFiles/IoTTestApp.dir/IoTTestApp/src/execIoTTestApp.cpp.o
[ 53%] Building CXX object CMakeFiles/ContentApp.dir/ContentApp/src/CoreStatusS01.cpp.o
[ 54%] Building CXX object CMakeFiles/IoTTestApp.dir/IoTTestApp/src/IoTTestApp.cpp.o
[ 55%] Building CXX object CMakeFiles/ContentApp.dir/ContentApp/src/execContentApp.cpp.o
[ 56%] Linking CXX executable IoTTestApp
[ 56%] Linking CXX executable ContentApp
[ 56%] Built target IoTTestApp
[ 56%] Building CXX object CMakeFiles/NBTestApp.dir/NBTestApp/src/NBTestApp.cpp.o
[ 56%] Built target ContentApp
[ 57%] Building CXX object CMakeFiles/PGCS.dir/PGCS/src/Core.cpp.o
[ 58%] Building CXX object CMakeFiles/NBTestApp.dir/NBTestApp/src/Core.cpp.o
[ 59%] Building CXX object CMakeFiles/PGCS.dir/PGCS/src/CoreDeliveryBind01.cpp.o
[ 60%] Building CXX object CMakeFiles/NBTestApp.dir/NBTestApp/src/CoreDeliveryBind01.cpp.o
[ 60%] Building CXX object CMakeFiles/NBTestApp.dir/NBTestApp/src/CoreMsgCl01.cpp.o
[ 60%] Building CXX object CMakeFiles/PGCS.dir/PGCS/src/CoreInfoPayload01.cpp.o
[ 61%] Building CXX object CMakeFiles/NBTestApp.dir/NBTestApp/src/CoreRunDiscover01.cpp.o
[ 62%] Building CXX object CMakeFiles/PGCS.dir/PGCS/src/CoreMsgCl01.cpp.o
[ 63%] Building CXX object CMakeFiles/NBTestApp.dir/NBTestApp/src/CoreRunEvaluate01.cpp.o
[ 64%] Building CXX object CMakeFiles/PGCS.dir/PGCS/src/CoreNotifyS01.cpp.o
[ 64%] Building CXX object CMakeFiles/NBTestApp.dir/NBTestApp/src/CoreRunInitialize01.cpp.o
[ 64%] Building CXX object CMakeFiles/PGCS.dir/PGCS/src/CoreRunDiscover01.cpp.o
[ 65%] Building CXX object CMakeFiles/NBTestApp.dir/NBTestApp/src/CoreRunPeriodic01.cpp.o
[ 66%] Building CXX object CMakeFiles/PGCS.dir/PGCS/src/CoreRunEvaluate01.cpp.o
[ 67%] Building CXX object CMakeFiles/NBTestApp.dir/NBTestApp/src/CoreRunSubscribe01.cpp.o
[ 68%] Building CXX object CMakeFiles/PGCS.dir/PGCS/src/CoreRunExpose01.cpp.o
[ 68%] Building CXX object CMakeFiles/NBTestApp.dir/NBTestApp/src/CoreSCNAck01.cpp.o
[ 68%] Building CXX object CMakeFiles/PGCS.dir/PGCS/src/CoreRunInitialize01.cpp.o
[ 69%] Building CXX object CMakeFiles/NBTestApp.dir/NBTestApp/src/CoreSCNSeq01.cpp.o
[ 70%] Building CXX object CMakeFiles/NBTestApp.dir/NBTestApp/src/CoreStatusS01.cpp.o
[ 71%] Building CXX object CMakeFiles/PGCS.dir/PGCS/src/CoreRunInvite01.cpp.o
[ 71%] Building CXX object CMakeFiles/NBTestApp.dir/NBTestApp/src/execNBTestApp.cpp.o
[ 72%] Building CXX object CMakeFiles/PGCS.dir/PGCS/src/CoreRunPeriodic01.cpp.o
[ 73%] Linking CXX executable NBTestApp
[ 73%] Built target NBTestApp
[ 73%] Building CXX object CMakeFiles/PGCS.dir/PGCS/src/CoreRunPublish01.cpp.o
[ 74%] Building CXX object CMakeFiles/PGCS.dir/PGCS/src/CoreRunPublish02.cpp.o
[ 75%] Building CXX object CMakeFiles/PGCS.dir/PGCS/src/CoreRunPublish03.cpp.o
[ 75%] Building CXX object CMakeFiles/PGCS.dir/PGCS/src/CoreRunSubscribe01.cpp.o
[ 76%] Building CXX object CMakeFiles/PGCS.dir/PGCS/src/CoreSCNAck01.cpp.o
[ 77%] Building CXX object CMakeFiles/NRNCS.dir/NRNCS/src/execNRNCS.cpp.o
[ 77%] Building CXX object CMakeFiles/NRNCS.dir/NRNCS/src/NR.cpp.o
[ 78%] Building CXX object CMakeFiles/PGCS.dir/PGCS/src/CoreSCNSeq01.cpp.o
[ 79%] Building CXX object CMakeFiles/NRNCS.dir/NRNCS/src/NRDeliveryBind01.cpp.o
[ 79%] Building CXX object CMakeFiles/PGCS.dir/PGCS/src/CoreStatusS01.cpp.o
[ 80%] Building CXX object CMakeFiles/NRNCS.dir/NRNCS/src/NRInfoPayload01.cpp.o
[ 81%] Building CXX object CMakeFiles/PGCS.dir/PGCS/src/execPGCS.cpp.o
[ 81%] Building CXX object CMakeFiles/NRNCS.dir/NRNCS/src/NRMessageSeq01.cpp.o
[ 82%] Building CXX object CMakeFiles/NRNCS.dir/NRNCS/src/NRMsgCl01.cpp.o
[ 83%] Building CXX object CMakeFiles/PGCS.dir/PGCS/src/PG.cpp.o
[ 84%] Building CXX object CMakeFiles/NRNCS.dir/NRNCS/src/NRPubBind01.cpp.o
[ 84%] Building CXX object CMakeFiles/PGCS.dir/PGCS/src/PGCS.cpp.o
[ 84%] Building CXX object CMakeFiles/NRNCS.dir/NRNCS/src/NRPubNotify01.cpp.o
[ 85%] Building CXX object CMakeFiles/NRNCS.dir/NRNCS/src/NRRevokeBind01.cpp.o
[ 86%] Building CXX object CMakeFiles/PGCS.dir/PGCS/src/PGHelloIHC01.cpp.o
[ 87%] Building CXX object CMakeFiles/NRNCS.dir/NRNCS/src/NRRunInitialization01.cpp.o
[ 88%] Building CXX object CMakeFiles/PGCS.dir/PGCS/src/PGHelloIHC02.cpp.o
[ 88%] Building CXX object CMakeFiles/NRNCS.dir/NRNCS/src/NRRunPeriodic01.cpp.o
[ 89%] Building CXX object CMakeFiles/NRNCS.dir/NRNCS/src/NRNCS.cpp.o
[ 89%] Building CXX object CMakeFiles/PGCS.dir/PGCS/src/PGHelloIHC03.cpp.o
[ 90%] Building CXX object CMakeFiles/NRNCS.dir/NRNCS/src/NRSCNSeq01.cpp.o
[ 91%] Building CXX object CMakeFiles/PGCS.dir/PGCS/src/NGAL_Transport_RAW.cpp.o
[ 92%] Building CXX object CMakeFiles/NRNCS.dir/NRNCS/src/NRSubBind01.cpp.o
[ 92%] Linking CXX executable NRNCS
[ 93%] Building CXX object CMakeFiles/PGCS.dir/PGCS/src/PGMsgCl01.cpp.o
[ 93%] Built target NRNCS
[ 93%] Building CXX object CMakeFiles/PGCS.dir/PGCS/src/PGRunExposition01.cpp.o
[ 94%] Building CXX object CMakeFiles/PGCS.dir/PGCS/src/PGRunHello01.cpp.o
[ 95%] Building CXX object CMakeFiles/PGCS.dir/PGCS/src/PGRunHello02.cpp.o
[ 95%] Building CXX object CMakeFiles/PGCS.dir/PGCS/src/PGRunHello03.cpp.o
[ 96%] Building CXX object CMakeFiles/PGCS.dir/PGCS/src/PGRunInitialization01.cpp.o
[ 97%] Building CXX object CMakeFiles/PGCS.dir/PGCS/src/PGRunPeriodic01.cpp.o
[ 97%] Building CXX object CMakeFiles/PGCS.dir/PGCS/src/PGRunPublishing01.cpp.o
[ 98%] Building CXX object CMakeFiles/PGCS.dir/PGCS/src/PGRunStresstest01.cpp.o
[ 99%] Building CXX object CMakeFiles/PGCS.dir/PGCS/src/PGStresstestPing01.cpp.o
[100%] Linking CXX executable PGCS
[100%] Built target PGCS
